// Jest Snapshot v1, https://goo.gl/fbAQLP

exports[`TableRowComponent Should render search component 1`] = `
<span
  className="ant-input-affix-wrapper"
  onMouseUp={[Function]}
>
  <span
    className="ant-input-prefix"
  >
    <span
      aria-label="search"
      className="anticon anticon-search"
      role="img"
    >
      <svg
        aria-hidden="true"
        data-icon="search"
        fill="currentColor"
        focusable="false"
        height="1em"
        viewBox="64 64 896 896"
        width="1em"
      >
        <path
          d="M909.6 854.5L649.9 594.8C690.2 542.7 712 479 712 412c0-80.2-31.3-155.4-87.9-212.1-56.6-56.7-132-87.9-212.1-87.9s-155.5 31.3-212.1 87.9C143.2 256.5 112 331.8 112 412c0 80.1 31.3 155.5 87.9 212.1C256.5 680.8 331.8 712 412 712c67 0 130.6-21.8 182.7-62l259.7 259.6a8.2 8.2 0 0011.6 0l43.6-43.5a8.2 8.2 0 000-11.6zM570.4 570.4C528 612.7 471.8 636 412 636s-116-23.3-158.4-65.6C211.3 528 188 471.8 188 412s23.3-116.1 65.6-158.4C296 211.3 352.2 188 412 188s116.1 23.2 158.4 65.6S636 352.2 636 412s-23.3 116.1-65.6 158.4z"
        />
      </svg>
    </span>
  </span>
  <input
    className="ant-input"
    id="searchComponent"
    onBlur={[Function]}
    onChange={[Function]}
    onFocus={[Function]}
    onKeyDown={[Function]}
    onKeyUp={[Function]}
    placeholder="Search"
    style={null}
    type="text"
    value=""
  />
</span>
`;

exports[`TableRowComponent Should send search event 1`] = `
<SearchComponent
  id="searchComponent"
  search={[Function]}
>
  <InputComponent
    id="searchComponent"
    onKeyUpFunction={[Function]}
    placeholder="Search"
    prefix={<ForwardRef(SearchOutlined) />}
  >
    <Input
      id="searchComponent"
      onKeyUp={[Function]}
      placeholder="Search"
      prefix={<ForwardRef(SearchOutlined) />}
      type="text"
    >
      <ClearableLabeledInput
        bordered={true}
        element={
          <input
            className="ant-input"
            id="searchComponent"
            onBlur={[Function]}
            onChange={[Function]}
            onFocus={[Function]}
            onKeyDown={[Function]}
            onKeyUp={[Function]}
            placeholder="Search"
            type="text"
          />
        }
        focused={false}
        handleReset={[Function]}
        id="searchComponent"
        inputType="input"
        onKeyUp={[Function]}
        placeholder="Search"
        prefix={<ForwardRef(SearchOutlined) />}
        prefixCls="ant-input"
        triggerFocus={[Function]}
        type="text"
        value="Hello"
      >
        <span
          className="ant-input-affix-wrapper"
          onMouseUp={[Function]}
        >
          <span
            className="ant-input-prefix"
          >
            <ForwardRef(SearchOutlined)>
              <AntdIcon
                icon={
                  Object {
                    "icon": Object {
                      "attrs": Object {
                        "focusable": "false",
                        "viewBox": "64 64 896 896",
                      },
                      "children": Array [
                        Object {
                          "attrs": Object {
                            "d": "M909.6 854.5L649.9 594.8C690.2 542.7 712 479 712 412c0-80.2-31.3-155.4-87.9-212.1-56.6-56.7-132-87.9-212.1-87.9s-155.5 31.3-212.1 87.9C143.2 256.5 112 331.8 112 412c0 80.1 31.3 155.5 87.9 212.1C256.5 680.8 331.8 712 412 712c67 0 130.6-21.8 182.7-62l259.7 259.6a8.2 8.2 0 0011.6 0l43.6-43.5a8.2 8.2 0 000-11.6zM570.4 570.4C528 612.7 471.8 636 412 636s-116-23.3-158.4-65.6C211.3 528 188 471.8 188 412s23.3-116.1 65.6-158.4C296 211.3 352.2 188 412 188s116.1 23.2 158.4 65.6S636 352.2 636 412s-23.3 116.1-65.6 158.4z",
                          },
                          "tag": "path",
                        },
                      ],
                      "tag": "svg",
                    },
                    "name": "search",
                    "theme": "outlined",
                  }
                }
              >
                <span
                  aria-label="search"
                  className="anticon anticon-search"
                  role="img"
                >
                  <IconReact
                    icon={
                      Object {
                        "icon": Object {
                          "attrs": Object {
                            "focusable": "false",
                            "viewBox": "64 64 896 896",
                          },
                          "children": Array [
                            Object {
                              "attrs": Object {
                                "d": "M909.6 854.5L649.9 594.8C690.2 542.7 712 479 712 412c0-80.2-31.3-155.4-87.9-212.1-56.6-56.7-132-87.9-212.1-87.9s-155.5 31.3-212.1 87.9C143.2 256.5 112 331.8 112 412c0 80.1 31.3 155.5 87.9 212.1C256.5 680.8 331.8 712 412 712c67 0 130.6-21.8 182.7-62l259.7 259.6a8.2 8.2 0 0011.6 0l43.6-43.5a8.2 8.2 0 000-11.6zM570.4 570.4C528 612.7 471.8 636 412 636s-116-23.3-158.4-65.6C211.3 528 188 471.8 188 412s23.3-116.1 65.6-158.4C296 211.3 352.2 188 412 188s116.1 23.2 158.4 65.6S636 352.2 636 412s-23.3 116.1-65.6 158.4z",
                              },
                              "tag": "path",
                            },
                          ],
                          "tag": "svg",
                        },
                        "name": "search",
                        "theme": "outlined",
                      }
                    }
                  >
                    <svg
                      aria-hidden="true"
                      data-icon="search"
                      fill="currentColor"
                      focusable="false"
                      height="1em"
                      key="svg-search"
                      viewBox="64 64 896 896"
                      width="1em"
                    >
                      <path
                        d="M909.6 854.5L649.9 594.8C690.2 542.7 712 479 712 412c0-80.2-31.3-155.4-87.9-212.1-56.6-56.7-132-87.9-212.1-87.9s-155.5 31.3-212.1 87.9C143.2 256.5 112 331.8 112 412c0 80.1 31.3 155.5 87.9 212.1C256.5 680.8 331.8 712 412 712c67 0 130.6-21.8 182.7-62l259.7 259.6a8.2 8.2 0 0011.6 0l43.6-43.5a8.2 8.2 0 000-11.6zM570.4 570.4C528 612.7 471.8 636 412 636s-116-23.3-158.4-65.6C211.3 528 188 471.8 188 412s23.3-116.1 65.6-158.4C296 211.3 352.2 188 412 188s116.1 23.2 158.4 65.6S636 352.2 636 412s-23.3 116.1-65.6 158.4z"
                        key="svg-search-svg-0"
                      />
                    </svg>
                  </IconReact>
                </span>
              </AntdIcon>
            </ForwardRef(SearchOutlined)>
          </span>
          <input
            className="ant-input"
            id="searchComponent"
            onBlur={[Function]}
            onChange={[Function]}
            onFocus={[Function]}
            onKeyDown={[Function]}
            onKeyUp={[Function]}
            placeholder="Search"
            style={null}
            type="text"
            value="Hello"
          />
        </span>
      </ClearableLabeledInput>
    </Input>
  </InputComponent>
</SearchComponent>
`;
