// Jest Snapshot v1, https://goo.gl/fbAQLP

exports[`LinkComponent Should render link component 1`] = `
<a
  className="ant-typography"
  href="https://github/test-link/"
  rel="noopener noreferrer"
  style={
    Object {
      "WebkitLineClamp": undefined,
      "textDecoration": "underline",
    }
  }
  target="_blank"
>
  Some github repo
</a>
`;
