// Jest Snapshot v1, https://goo.gl/fbAQLP

exports[`GenericButtonComponent render Generic Button component 1`] = `
<button
  onClick={[Function]}
  style={
    Object {
      "alignItems": "center",
      "display": "flex",
      "flex": "1",
      "justifyContent": "center",
      "padding": "5",
    }
  }
>
  100
</button>
`;
