// Jest Snapshot v1, https://goo.gl/fbAQLP

exports[`GenericButtonComponent Should render Generic Button component 1`] = `
<button
  className="ant-btn"
  onClick={[Function]}
  style={
    Object {
      "alignItems": "center",
      "display": "flex",
      "flex": "1",
      "justifyContent": "center",
      "padding": "5",
    }
  }
  type="button"
>
  <span>
    100
  </span>
</button>
`;
